// Jest Snapshot v1, https://goo.gl/fbAQLP

exports[`Pruebas para el componente GifGridItem debe de mostrar el componente correctamente 1`] = `
<div
  className="card animate__animated animate__fadeIn"
>
  <img
    alt="Un titulo"
    src="https://localhosst/algo.jpg"
  />
  <p>
    Un titulo
  </p>
</div>
`;
